// Jest Snapshot v1, https://goo.gl/fbAQLP

exports[`ProductScrubber primary should match snapshot 1`] = `
Object {
  "asFragment": [Function],
  "baseElement": <body>
    <div>
      <div
        class="product-scrubber-container product-scrubber-container-loading"
        style="width: 100%; height: 100%;"
      >
        <div
          class="child-container"
        />
        <h4>
          side
        </h4>
        <span />
        <div
          class="location"
        />
        <ul
          aria-hidden="true"
        >
          <li
            aria-hidden="true"
            class="hide-grid"
          />
          <li
            aria-hidden="true"
            class="hide-grid"
          />
          <li
            aria-hidden="true"
            class="hide-grid"
          />
          <li
            aria-hidden="true"
            class="hide-grid"
          />
        </ul>
        <div
          class="hover-active-image loading"
          style="background-image: url(../../../stories/assets/side.jpg);"
        />
      </div>
    </div>
  </body>,
  "container": <div>
    <div
      class="product-scrubber-container product-scrubber-container-loading"
      style="width: 100%; height: 100%;"
    >
      <div
        class="child-container"
      />
      <h4>
        side
      </h4>
      <span />
      <div
        class="location"
      />
      <ul
        aria-hidden="true"
      >
        <li
          aria-hidden="true"
          class="hide-grid"
        />
        <li
          aria-hidden="true"
          class="hide-grid"
        />
        <li
          aria-hidden="true"
          class="hide-grid"
        />
        <li
          aria-hidden="true"
          class="hide-grid"
        />
      </ul>
      <div
        class="hover-active-image loading"
        style="background-image: url(../../../stories/assets/side.jpg);"
      />
    </div>
  </div>,
  "debug": [Function],
  "findAllByAltText": [Function],
  "findAllByDisplayValue": [Function],
  "findAllByLabelText": [Function],
  "findAllByPlaceholderText": [Function],
  "findAllByRole": [Function],
  "findAllByTestId": [Function],
  "findAllByText": [Function],
  "findAllByTitle": [Function],
  "findByAltText": [Function],
  "findByDisplayValue": [Function],
  "findByLabelText": [Function],
  "findByPlaceholderText": [Function],
  "findByRole": [Function],
  "findByTestId": [Function],
  "findByText": [Function],
  "findByTitle": [Function],
  "getAllByAltText": [Function],
  "getAllByDisplayValue": [Function],
  "getAllByLabelText": [Function],
  "getAllByPlaceholderText": [Function],
  "getAllByRole": [Function],
  "getAllByTestId": [Function],
  "getAllByText": [Function],
  "getAllByTitle": [Function],
  "getByAltText": [Function],
  "getByDisplayValue": [Function],
  "getByLabelText": [Function],
  "getByPlaceholderText": [Function],
  "getByRole": [Function],
  "getByTestId": [Function],
  "getByText": [Function],
  "getByTitle": [Function],
  "queryAllByAltText": [Function],
  "queryAllByDisplayValue": [Function],
  "queryAllByLabelText": [Function],
  "queryAllByPlaceholderText": [Function],
  "queryAllByRole": [Function],
  "queryAllByTestId": [Function],
  "queryAllByText": [Function],
  "queryAllByTitle": [Function],
  "queryByAltText": [Function],
  "queryByDisplayValue": [Function],
  "queryByLabelText": [Function],
  "queryByPlaceholderText": [Function],
  "queryByRole": [Function],
  "queryByTestId": [Function],
  "queryByText": [Function],
  "queryByTitle": [Function],
  "rerender": [Function],
  "unmount": [Function],
}
`;
